23:02:12 **** Incremental Build of configuration Debug for project pwm_test ****
make pre-build main-build 
a9-linaro-pre-build-step
' '
make: No se hace nada para `main-build'.
23:02:56 **** Auto Build of configuration Debug for project pwm_test ****
make pre-build main-build 
a9-linaro-pre-build-step
' '
'Building file: ../src/helloworld.c'
'Invoking: ARM v7 gcc compiler'
arm-none-eabi-gcc -Wall -O0 -g3 -c -fmessage-length=0 -MT"src/helloworld.o" -mcpu=cortex-a9 -mfpu=vfpv3 -mfloat-abi=hard -I../../pwm_test_bsp/ps7_cortexa9_0/include -MMD -MP -MF"src/helloworld.d" -MT"src/helloworld.o" -o "src/helloworld.o" "../src/helloworld.c"
'Finished building: ../src/helloworld.c'
' '
'Building target: pwm_test.elf'
'Invoking: ARM v7 gcc linker'
arm-none-eabi-gcc -mcpu=cortex-a9 -mfpu=vfpv3 -mfloat-abi=hard -Wl,-build-id=none -specs=Xilinx.spec -Wl,-T -Wl,../src/lscript.ld -L../../pwm_test_bsp/ps7_cortexa9_0/lib -o "pwm_test.elf"  ./src/helloworld.o ./src/platform.o   -Wl,--start-group,-lxil,-lgcc,-lc,--end-group
'Finished building target: pwm_test.elf'
' '
'Invoking: ARM v7 Print Size'
arm-none-eabi-size pwm_test.elf  |tee "pwm_test.elf.size"
   text	   data	    bss	    dec	    hex	filename
  22404	   1144	  22568	  46116	   b424	pwm_test.elf
'Finished building: pwm_test.elf.size'
' '
23:03:04 **** Incremental Build of configuration Debug for project pwm_test ****
make pre-build main-build 
a9-linaro-pre-build-step
' '
make: No se hace nada para `main-build'.
23:07:40 **** Auto Build of configuration Debug for project pwm_test ****
make pre-build main-build 
a9-linaro-pre-build-step
' '
'Building file: ../src/helloworld.c'
'Invoking: ARM v7 gcc compiler'
arm-none-eabi-gcc -Wall -O0 -g3 -c -fmessage-length=0 -MT"src/helloworld.o" -mcpu=cortex-a9 -mfpu=vfpv3 -mfloat-abi=hard -I../../pwm_test_bsp/ps7_cortexa9_0/include -MMD -MP -MF"src/helloworld.d" -MT"src/helloworld.o" -o "src/helloworld.o" "../src/helloworld.c"
'Finished building: ../src/helloworld.c'
' '
'Building target: pwm_test.elf'
'Invoking: ARM v7 gcc linker'
arm-none-eabi-gcc -mcpu=cortex-a9 -mfpu=vfpv3 -mfloat-abi=hard -Wl,-build-id=none -specs=Xilinx.spec -Wl,-T -Wl,../src/lscript.ld -L../../pwm_test_bsp/ps7_cortexa9_0/lib -o "pwm_test.elf"  ./src/helloworld.o ./src/platform.o   -Wl,--start-group,-lxil,-lgcc,-lc,--end-group
'Finished building target: pwm_test.elf'
' '
'Invoking: ARM v7 Print Size'
arm-none-eabi-size pwm_test.elf  |tee "pwm_test.elf.size"
   text	   data	    bss	    dec	    hex	filename
  22404	   1144	  22568	  46116	   b424	pwm_test.elf
'Finished building: pwm_test.elf.size'
' '
23:07:48 **** Auto Build of configuration Debug for project pwm_test ****
make pre-build main-build 
a9-linaro-pre-build-step
' '
'Building file: ../src/helloworld.c'
'Invoking: ARM v7 gcc compiler'
arm-none-eabi-gcc -Wall -O0 -g3 -c -fmessage-length=0 -MT"src/helloworld.o" -mcpu=cortex-a9 -mfpu=vfpv3 -mfloat-abi=hard -I../../pwm_test_bsp/ps7_cortexa9_0/include -MMD -MP -MF"src/helloworld.d" -MT"src/helloworld.o" -o "src/helloworld.o" "../src/helloworld.c"
'Finished building: ../src/helloworld.c'
' '
'Building target: pwm_test.elf'
'Invoking: ARM v7 gcc linker'
arm-none-eabi-gcc -mcpu=cortex-a9 -mfpu=vfpv3 -mfloat-abi=hard -Wl,-build-id=none -specs=Xilinx.spec -Wl,-T -Wl,../src/lscript.ld -L../../pwm_test_bsp/ps7_cortexa9_0/lib -o "pwm_test.elf"  ./src/helloworld.o ./src/platform.o   -Wl,--start-group,-lxil,-lgcc,-lc,--end-group
'Finished building target: pwm_test.elf'
' '
'Invoking: ARM v7 Print Size'
arm-none-eabi-size pwm_test.elf  |tee "pwm_test.elf.size"
   text	   data	    bss	    dec	    hex	filename
  22468	   1144	  22568	  46180	   b464	pwm_test.elf
'Finished building: pwm_test.elf.size'
' '
23:08:00 **** Incremental Build of configuration Debug for project pwm_test ****
make pre-build main-build 
a9-linaro-pre-build-step
' '
make: No se hace nada para `main-build'.
23:09:58 **** Auto Build of configuration Debug for project pwm_test ****
make pre-build main-build 
a9-linaro-pre-build-step
' '
'Building file: ../src/helloworld.c'
'Invoking: ARM v7 gcc compiler'
arm-none-eabi-gcc -Wall -O0 -g3 -c -fmessage-length=0 -MT"src/helloworld.o" -mcpu=cortex-a9 -mfpu=vfpv3 -mfloat-abi=hard -I../../pwm_test_bsp/ps7_cortexa9_0/include -MMD -MP -MF"src/helloworld.d" -MT"src/helloworld.o" -o "src/helloworld.o" "../src/helloworld.c"
'Finished building: ../src/helloworld.c'
' '
'Building target: pwm_test.elf'
'Invoking: ARM v7 gcc linker'
arm-none-eabi-gcc -mcpu=cortex-a9 -mfpu=vfpv3 -mfloat-abi=hard -Wl,-build-id=none -specs=Xilinx.spec -Wl,-T -Wl,../src/lscript.ld -L../../pwm_test_bsp/ps7_cortexa9_0/lib -o "pwm_test.elf"  ./src/helloworld.o ./src/platform.o   -Wl,--start-group,-lxil,-lgcc,-lc,--end-group
'Finished building target: pwm_test.elf'
' '
'Invoking: ARM v7 Print Size'
arm-none-eabi-size pwm_test.elf  |tee "pwm_test.elf.size"
   text	   data	    bss	    dec	    hex	filename
  22468	   1144	  22568	  46180	   b464	pwm_test.elf
'Finished building: pwm_test.elf.size'
' '
23:10:05 **** Auto Build of configuration Debug for project pwm_test ****
make pre-build main-build 
a9-linaro-pre-build-step
' '
'Building file: ../src/helloworld.c'
'Invoking: ARM v7 gcc compiler'
arm-none-eabi-gcc -Wall -O0 -g3 -c -fmessage-length=0 -MT"src/helloworld.o" -mcpu=cortex-a9 -mfpu=vfpv3 -mfloat-abi=hard -I../../pwm_test_bsp/ps7_cortexa9_0/include -MMD -MP -MF"src/helloworld.d" -MT"src/helloworld.o" -o "src/helloworld.o" "../src/helloworld.c"
'Finished building: ../src/helloworld.c'
' '
'Building target: pwm_test.elf'
'Invoking: ARM v7 gcc linker'
arm-none-eabi-gcc -mcpu=cortex-a9 -mfpu=vfpv3 -mfloat-abi=hard -Wl,-build-id=none -specs=Xilinx.spec -Wl,-T -Wl,../src/lscript.ld -L../../pwm_test_bsp/ps7_cortexa9_0/lib -o "pwm_test.elf"  ./src/helloworld.o ./src/platform.o   -Wl,--start-group,-lxil,-lgcc,-lc,--end-group
'Finished building target: pwm_test.elf'
' '
'Invoking: ARM v7 Print Size'
arm-none-eabi-size pwm_test.elf  |tee "pwm_test.elf.size"
   text	   data	    bss	    dec	    hex	filename
  22468	   1144	  22568	  46180	   b464	pwm_test.elf
'Finished building: pwm_test.elf.size'
' '
23:10:12 **** Incremental Build of configuration Debug for project pwm_test ****
make pre-build main-build 
a9-linaro-pre-build-step
' '
make: No se hace nada para `main-build'.
23:12:29 **** Auto Build of configuration Debug for project pwm_test ****
make pre-build main-build 
a9-linaro-pre-build-step
' '
'Building file: ../src/helloworld.c'
'Invoking: ARM v7 gcc compiler'
arm-none-eabi-gcc -Wall -O0 -g3 -c -fmessage-length=0 -MT"src/helloworld.o" -mcpu=cortex-a9 -mfpu=vfpv3 -mfloat-abi=hard -I../../pwm_test_bsp/ps7_cortexa9_0/include -MMD -MP -MF"src/helloworld.d" -MT"src/helloworld.o" -o "src/helloworld.o" "../src/helloworld.c"
../src/helloworld.c: In function 'main':
../src/helloworld.c:59:29: warning: variable 'duty' set but not used [-Wunused-but-set-variable]
     int senal_enable, freq, duty, i;
                             ^~~~
../src/helloworld.c:59:23: warning: variable 'freq' set but not used [-Wunused-but-set-variable]
     int senal_enable, freq, duty, i;
                       ^~~~
../src/helloworld.c:59:9: warning: variable 'senal_enable' set but not used [-Wunused-but-set-variable]
     int senal_enable, freq, duty, i;
         ^~~~~~~~~~~~
'Finished building: ../src/helloworld.c'
' '
'Building target: pwm_test.elf'
'Invoking: ARM v7 gcc linker'
arm-none-eabi-gcc -mcpu=cortex-a9 -mfpu=vfpv3 -mfloat-abi=hard -Wl,-build-id=none -specs=Xilinx.spec -Wl,-T -Wl,../src/lscript.ld -L../../pwm_test_bsp/ps7_cortexa9_0/lib -o "pwm_test.elf"  ./src/helloworld.o ./src/platform.o   -Wl,--start-group,-lxil,-lgcc,-lc,--end-group
'Finished building target: pwm_test.elf'
' '
'Invoking: ARM v7 Print Size'
arm-none-eabi-size pwm_test.elf  |tee "pwm_test.elf.size"
   text	   data	    bss	    dec	    hex	filename
  22404	   1144	  22568	  46116	   b424	pwm_test.elf
'Finished building: pwm_test.elf.size'
' '
23:12:43 **** Incremental Build of configuration Debug for project pwm_test ****
make pre-build main-build 
a9-linaro-pre-build-step
' '
make: No se hace nada para `main-build'.
23:15:21 **** Auto Build of configuration Debug for project pwm_test ****
make pre-build main-build 
a9-linaro-pre-build-step
' '
'Building file: ../src/helloworld.c'
'Invoking: ARM v7 gcc compiler'
arm-none-eabi-gcc -Wall -O0 -g3 -c -fmessage-length=0 -MT"src/helloworld.o" -mcpu=cortex-a9 -mfpu=vfpv3 -mfloat-abi=hard -I../../pwm_test_bsp/ps7_cortexa9_0/include -MMD -MP -MF"src/helloworld.d" -MT"src/helloworld.o" -o "src/helloworld.o" "../src/helloworld.c"
../src/helloworld.c: In function 'main':
../src/helloworld.c:59:29: warning: variable 'duty' set but not used [-Wunused-but-set-variable]
     int senal_enable, freq, duty, i;
                             ^~~~
../src/helloworld.c:59:23: warning: variable 'freq' set but not used [-Wunused-but-set-variable]
     int senal_enable, freq, duty, i;
                       ^~~~
../src/helloworld.c:59:9: warning: variable 'senal_enable' set but not used [-Wunused-but-set-variable]
     int senal_enable, freq, duty, i;
         ^~~~~~~~~~~~
'Finished building: ../src/helloworld.c'
' '
'Building target: pwm_test.elf'
'Invoking: ARM v7 gcc linker'
arm-none-eabi-gcc -mcpu=cortex-a9 -mfpu=vfpv3 -mfloat-abi=hard -Wl,-build-id=none -specs=Xilinx.spec -Wl,-T -Wl,../src/lscript.ld -L../../pwm_test_bsp/ps7_cortexa9_0/lib -o "pwm_test.elf"  ./src/helloworld.o ./src/platform.o   -Wl,--start-group,-lxil,-lgcc,-lc,--end-group
'Finished building target: pwm_test.elf'
' '
'Invoking: ARM v7 Print Size'
arm-none-eabi-size pwm_test.elf  |tee "pwm_test.elf.size"
   text	   data	    bss	    dec	    hex	filename
  22404	   1144	  22568	  46116	   b424	pwm_test.elf
'Finished building: pwm_test.elf.size'
' '
23:16:04 **** Auto Build of configuration Debug for project pwm_test ****
make pre-build main-build 
a9-linaro-pre-build-step
' '
'Building file: ../src/helloworld.c'
'Invoking: ARM v7 gcc compiler'
arm-none-eabi-gcc -Wall -O0 -g3 -c -fmessage-length=0 -MT"src/helloworld.o" -mcpu=cortex-a9 -mfpu=vfpv3 -mfloat-abi=hard -I../../pwm_test_bsp/ps7_cortexa9_0/include -MMD -MP -MF"src/helloworld.d" -MT"src/helloworld.o" -o "src/helloworld.o" "../src/helloworld.c"
'Finished building: ../src/helloworld.c'
' '
'Building target: pwm_test.elf'
'Invoking: ARM v7 gcc linker'
arm-none-eabi-gcc -mcpu=cortex-a9 -mfpu=vfpv3 -mfloat-abi=hard -Wl,-build-id=none -specs=Xilinx.spec -Wl,-T -Wl,../src/lscript.ld -L../../pwm_test_bsp/ps7_cortexa9_0/lib -o "pwm_test.elf"  ./src/helloworld.o ./src/platform.o   -Wl,--start-group,-lxil,-lgcc,-lc,--end-group
'Finished building target: pwm_test.elf'
' '
'Invoking: ARM v7 Print Size'
arm-none-eabi-size pwm_test.elf  |tee "pwm_test.elf.size"
   text	   data	    bss	    dec	    hex	filename
  22492	   1144	  22568	  46204	   b47c	pwm_test.elf
'Finished building: pwm_test.elf.size'
' '
23:16:10 **** Incremental Build of configuration Debug for project pwm_test ****
make pre-build main-build 
a9-linaro-pre-build-step
' '
make: No se hace nada para `main-build'.
