00:10:53 **** Build of project pwm_2_bsp ****
make -k all 
"Running Make include in ps7_cortexa9_0/libsrc/coresightps_dcc_v1_4/src"
make -C ps7_cortexa9_0/libsrc/coresightps_dcc_v1_4/src -s include  "SHELL=CMD" "COMPILER=arm-none-eabi-gcc" "ARCHIVER=arm-none-eabi-ar" "COMPILER_FLAGS=  -O2 -c" "EXTRA_COMPILER_FLAGS=-mcpu=cortex-a9 -mfpu=vfpv3 -mfloat-abi=hard -nostartfiles -g -Wall -Wextra"
"Running Make include in ps7_cortexa9_0/libsrc/cpu_cortexa9_v2_6/src"
make -C ps7_cortexa9_0/libsrc/cpu_cortexa9_v2_6/src -s include  "SHELL=CMD" "COMPILER=arm-none-eabi-gcc" "ARCHIVER=arm-none-eabi-ar" "COMPILER_FLAGS=  -O2 -c" "EXTRA_COMPILER_FLAGS=-mcpu=cortex-a9 -mfpu=vfpv3 -mfloat-abi=hard -nostartfiles -g -Wall -Wextra"
"Running Make include in ps7_cortexa9_0/libsrc/ddrps_v1_0/src"
make -C ps7_cortexa9_0/libsrc/ddrps_v1_0/src -s include  "SHELL=CMD" "COMPILER=arm-none-eabi-gcc" "ARCHIVER=arm-none-eabi-ar" "COMPILER_FLAGS=  -O2 -c" "EXTRA_COMPILER_FLAGS=-mcpu=cortex-a9 -mfpu=vfpv3 -mfloat-abi=hard -nostartfiles -g -Wall -Wextra"
"Running Make include in ps7_cortexa9_0/libsrc/devcfg_v3_5/src"
make -C ps7_cortexa9_0/libsrc/devcfg_v3_5/src -s include  "SHELL=CMD" "COMPILER=arm-none-eabi-gcc" "ARCHIVER=arm-none-eabi-ar" "COMPILER_FLAGS=  -O2 -c" "EXTRA_COMPILER_FLAGS=-mcpu=cortex-a9 -mfpu=vfpv3 -mfloat-abi=hard -nostartfiles -g -Wall -Wextra"
"Running Make include in ps7_cortexa9_0/libsrc/dmaps_v2_3/src"
make -C ps7_cortexa9_0/libsrc/dmaps_v2_3/src -s include  "SHELL=CMD" "COMPILER=arm-none-eabi-gcc" "ARCHIVER=arm-none-eabi-ar" "COMPILER_FLAGS=  -O2 -c" "EXTRA_COMPILER_FLAGS=-mcpu=cortex-a9 -mfpu=vfpv3 -mfloat-abi=hard -nostartfiles -g -Wall -Wextra"
"Running Make include in ps7_cortexa9_0/libsrc/emacps_v3_7/src"
make -C ps7_cortexa9_0/libsrc/emacps_v3_7/src -s include  "SHELL=CMD" "COMPILER=arm-none-eabi-gcc" "ARCHIVER=arm-none-eabi-ar" "COMPILER_FLAGS=  -O2 -c" "EXTRA_COMPILER_FLAGS=-mcpu=cortex-a9 -mfpu=vfpv3 -mfloat-abi=hard -nostartfiles -g -Wall -Wextra"
"Running Make include in ps7_cortexa9_0/libsrc/gpiops_v3_3/src"
make -C ps7_cortexa9_0/libsrc/gpiops_v3_3/src -s include  "SHELL=CMD" "COMPILER=arm-none-eabi-gcc" "ARCHIVER=arm-none-eabi-ar" "COMPILER_FLAGS=  -O2 -c" "EXTRA_COMPILER_FLAGS=-mcpu=cortex-a9 -mfpu=vfpv3 -mfloat-abi=hard -nostartfiles -g -Wall -Wextra"
"Running Make include in ps7_cortexa9_0/libsrc/pwm_2ip_v1_0/src"
make -C ps7_cortexa9_0/libsrc/pwm_2ip_v1_0/src -s include  "SHELL=CMD" "COMPILER=arm-none-eabi-gcc" "ARCHIVER=arm-none-eabi-ar" "COMPILER_FLAGS=  -O2 -c" "EXTRA_COMPILER_FLAGS=-mcpu=cortex-a9 -mfpu=vfpv3 -mfloat-abi=hard -nostartfiles -g -Wall -Wextra"
"Running Make include in ps7_cortexa9_0/libsrc/qspips_v3_4/src"
make -C ps7_cortexa9_0/libsrc/qspips_v3_4/src -s include  "SHELL=CMD" "COMPILER=arm-none-eabi-gcc" "ARCHIVER=arm-none-eabi-ar" "COMPILER_FLAGS=  -O2 -c" "EXTRA_COMPILER_FLAGS=-mcpu=cortex-a9 -mfpu=vfpv3 -mfloat-abi=hard -nostartfiles -g -Wall -Wextra"
"Running Make include in ps7_cortexa9_0/libsrc/scugic_v3_9/src"
make -C ps7_cortexa9_0/libsrc/scugic_v3_9/src -s include  "SHELL=CMD" "COMPILER=arm-none-eabi-gcc" "ARCHIVER=arm-none-eabi-ar" "COMPILER_FLAGS=  -O2 -c" "EXTRA_COMPILER_FLAGS=-mcpu=cortex-a9 -mfpu=vfpv3 -mfloat-abi=hard -nostartfiles -g -Wall -Wextra"
"Running Make include in ps7_cortexa9_0/libsrc/scutimer_v2_1/src"
make -C ps7_cortexa9_0/libsrc/scutimer_v2_1/src -s include  "SHELL=CMD" "COMPILER=arm-none-eabi-gcc" "ARCHIVER=arm-none-eabi-ar" "COMPILER_FLAGS=  -O2 -c" "EXTRA_COMPILER_FLAGS=-mcpu=cortex-a9 -mfpu=vfpv3 -mfloat-abi=hard -nostartfiles -g -Wall -Wextra"
"Running Make include in ps7_cortexa9_0/libsrc/scuwdt_v2_1/src"
make -C ps7_cortexa9_0/libsrc/scuwdt_v2_1/src -s include  "SHELL=CMD" "COMPILER=arm-none-eabi-gcc" "ARCHIVER=arm-none-eabi-ar" "COMPILER_FLAGS=  -O2 -c" "EXTRA_COMPILER_FLAGS=-mcpu=cortex-a9 -mfpu=vfpv3 -mfloat-abi=hard -nostartfiles -g -Wall -Wextra"
"Running Make include in ps7_cortexa9_0/libsrc/sdps_v3_4/src"
make -C ps7_cortexa9_0/libsrc/sdps_v3_4/src -s include  "SHELL=CMD" "COMPILER=arm-none-eabi-gcc" "ARCHIVER=arm-none-eabi-ar" "COMPILER_FLAGS=  -O2 -c" "EXTRA_COMPILER_FLAGS=-mcpu=cortex-a9 -mfpu=vfpv3 -mfloat-abi=hard -nostartfiles -g -Wall -Wextra"
"Running Make include in ps7_cortexa9_0/libsrc/standalone_v6_6/src"
make -C ps7_cortexa9_0/libsrc/standalone_v6_6/src -s include  "SHELL=CMD" "COMPILER=arm-none-eabi-gcc" "ARCHIVER=arm-none-eabi-ar" "COMPILER_FLAGS=  -O2 -c" "EXTRA_COMPILER_FLAGS=-mcpu=cortex-a9 -mfpu=vfpv3 -mfloat-abi=hard -nostartfiles -g -Wall -Wextra"
"Running Make include in ps7_cortexa9_0/libsrc/uartps_v3_6/src"
make -C ps7_cortexa9_0/libsrc/uartps_v3_6/src -s include  "SHELL=CMD" "COMPILER=arm-none-eabi-gcc" "ARCHIVER=arm-none-eabi-ar" "COMPILER_FLAGS=  -O2 -c" "EXTRA_COMPILER_FLAGS=-mcpu=cortex-a9 -mfpu=vfpv3 -mfloat-abi=hard -nostartfiles -g -Wall -Wextra"
"Running Make include in ps7_cortexa9_0/libsrc/usbps_v2_4/src"
make -C ps7_cortexa9_0/libsrc/usbps_v2_4/src -s include  "SHELL=CMD" "COMPILER=arm-none-eabi-gcc" "ARCHIVER=arm-none-eabi-ar" "COMPILER_FLAGS=  -O2 -c" "EXTRA_COMPILER_FLAGS=-mcpu=cortex-a9 -mfpu=vfpv3 -mfloat-abi=hard -nostartfiles -g -Wall -Wextra"
"Running Make include in ps7_cortexa9_0/libsrc/xadcps_v2_2/src"
make -C ps7_cortexa9_0/libsrc/xadcps_v2_2/src -s include  "SHELL=CMD" "COMPILER=arm-none-eabi-gcc" "ARCHIVER=arm-none-eabi-ar" "COMPILER_FLAGS=  -O2 -c" "EXTRA_COMPILER_FLAGS=-mcpu=cortex-a9 -mfpu=vfpv3 -mfloat-abi=hard -nostartfiles -g -Wall -Wextra"
"Running Make libs in ps7_cortexa9_0/libsrc/coresightps_dcc_v1_4/src"
make -C ps7_cortexa9_0/libsrc/coresightps_dcc_v1_4/src -s libs  "SHELL=CMD" "COMPILER=arm-none-eabi-gcc" "ARCHIVER=arm-none-eabi-ar" "COMPILER_FLAGS=  -O2 -c" "EXTRA_COMPILER_FLAGS=-mcpu=cortex-a9 -mfpu=vfpv3 -mfloat-abi=hard -nostartfiles -g -Wall -Wextra"
"Compiling coresightps_dcc"
arm-none-eabi-ar: creating ../../../lib/libxil.a
"Running Make libs in ps7_cortexa9_0/libsrc/cpu_cortexa9_v2_6/src"
make -C ps7_cortexa9_0/libsrc/cpu_cortexa9_v2_6/src -s libs  "SHELL=CMD" "COMPILER=arm-none-eabi-gcc" "ARCHIVER=arm-none-eabi-ar" "COMPILER_FLAGS=  -O2 -c" "EXTRA_COMPILER_FLAGS=-mcpu=cortex-a9 -mfpu=vfpv3 -mfloat-abi=hard -nostartfiles -g -Wall -Wextra"
"Compiling cpu_cortexa9"
"Running Make libs in ps7_cortexa9_0/libsrc/ddrps_v1_0/src"
make -C ps7_cortexa9_0/libsrc/ddrps_v1_0/src -s libs  "SHELL=CMD" "COMPILER=arm-none-eabi-gcc" "ARCHIVER=arm-none-eabi-ar" "COMPILER_FLAGS=  -O2 -c" "EXTRA_COMPILER_FLAGS=-mcpu=cortex-a9 -mfpu=vfpv3 -mfloat-abi=hard -nostartfiles -g -Wall -Wextra"
"Compiling ddrps"
"Running Make libs in ps7_cortexa9_0/libsrc/devcfg_v3_5/src"
make -C ps7_cortexa9_0/libsrc/devcfg_v3_5/src -s libs  "SHELL=CMD" "COMPILER=arm-none-eabi-gcc" "ARCHIVER=arm-none-eabi-ar" "COMPILER_FLAGS=  -O2 -c" "EXTRA_COMPILER_FLAGS=-mcpu=cortex-a9 -mfpu=vfpv3 -mfloat-abi=hard -nostartfiles -g -Wall -Wextra"
"Compiling devcfg"
"Running Make libs in ps7_cortexa9_0/libsrc/dmaps_v2_3/src"
make -C ps7_cortexa9_0/libsrc/dmaps_v2_3/src -s libs  "SHELL=CMD" "COMPILER=arm-none-eabi-gcc" "ARCHIVER=arm-none-eabi-ar" "COMPILER_FLAGS=  -O2 -c" "EXTRA_COMPILER_FLAGS=-mcpu=cortex-a9 -mfpu=vfpv3 -mfloat-abi=hard -nostartfiles -g -Wall -Wextra"
"Compiling dmaps"
"Running Make libs in ps7_cortexa9_0/libsrc/emacps_v3_7/src"
make -C ps7_cortexa9_0/libsrc/emacps_v3_7/src -s libs  "SHELL=CMD" "COMPILER=arm-none-eabi-gcc" "ARCHIVER=arm-none-eabi-ar" "COMPILER_FLAGS=  -O2 -c" "EXTRA_COMPILER_FLAGS=-mcpu=cortex-a9 -mfpu=vfpv3 -mfloat-abi=hard -nostartfiles -g -Wall -Wextra"
"Compiling emacps"
"Running Make libs in ps7_cortexa9_0/libsrc/gpiops_v3_3/src"
make -C ps7_cortexa9_0/libsrc/gpiops_v3_3/src -s libs  "SHELL=CMD" "COMPILER=arm-none-eabi-gcc" "ARCHIVER=arm-none-eabi-ar" "COMPILER_FLAGS=  -O2 -c" "EXTRA_COMPILER_FLAGS=-mcpu=cortex-a9 -mfpu=vfpv3 -mfloat-abi=hard -nostartfiles -g -Wall -Wextra"
"Compiling gpiops"
"Running Make libs in ps7_cortexa9_0/libsrc/pwm_2ip_v1_0/src"
make -C ps7_cortexa9_0/libsrc/pwm_2ip_v1_0/src -s libs  "SHELL=CMD" "COMPILER=arm-none-eabi-gcc" "ARCHIVER=arm-none-eabi-ar" "COMPILER_FLAGS=  -O2 -c" "EXTRA_COMPILER_FLAGS=-mcpu=cortex-a9 -mfpu=vfpv3 -mfloat-abi=hard -nostartfiles -g -Wall -Wextra"
"Compiling pwm_2ip..."
pwm_2ip_selftest.c: In function 'PWM_2IP_Reg_SelfTest':
pwm_2ip_selftest.c:52:56: warning: comparison between signed and unsigned integer expressions [-Wsign-compare]
    if ( PWM_2IP_mReadReg (baseaddr, read_loop_index*4) != (read_loop_index+1)*READ_WRITE_MUL_FACTOR){
                                                        ^~
pwm_2ip_selftest.c:36:6: warning: unused variable 'Index' [-Wunused-variable]
  int Index;
      ^~~~~
"Running Make libs in ps7_cortexa9_0/libsrc/qspips_v3_4/src"
make -C ps7_cortexa9_0/libsrc/qspips_v3_4/src -s libs  "SHELL=CMD" "COMPILER=arm-none-eabi-gcc" "ARCHIVER=arm-none-eabi-ar" "COMPILER_FLAGS=  -O2 -c" "EXTRA_COMPILER_FLAGS=-mcpu=cortex-a9 -mfpu=vfpv3 -mfloat-abi=hard -nostartfiles -g -Wall -Wextra"
"Compiling qspips"
"Running Make libs in ps7_cortexa9_0/libsrc/scugic_v3_9/src"
make -C ps7_cortexa9_0/libsrc/scugic_v3_9/src -s libs  "SHELL=CMD" "COMPILER=arm-none-eabi-gcc" "ARCHIVER=arm-none-eabi-ar" "COMPILER_FLAGS=  -O2 -c" "EXTRA_COMPILER_FLAGS=-mcpu=cortex-a9 -mfpu=vfpv3 -mfloat-abi=hard -nostartfiles -g -Wall -Wextra"
"Compiling scugic"
"Running Make libs in ps7_cortexa9_0/libsrc/scutimer_v2_1/src"
make -C ps7_cortexa9_0/libsrc/scutimer_v2_1/src -s libs  "SHELL=CMD" "COMPILER=arm-none-eabi-gcc" "ARCHIVER=arm-none-eabi-ar" "COMPILER_FLAGS=  -O2 -c" "EXTRA_COMPILER_FLAGS=-mcpu=cortex-a9 -mfpu=vfpv3 -mfloat-abi=hard -nostartfiles -g -Wall -Wextra"
"Compiling scutimer"
"Running Make libs in ps7_cortexa9_0/libsrc/scuwdt_v2_1/src"
make -C ps7_cortexa9_0/libsrc/scuwdt_v2_1/src -s libs  "SHELL=CMD" "COMPILER=arm-none-eabi-gcc" "ARCHIVER=arm-none-eabi-ar" "COMPILER_FLAGS=  -O2 -c" "EXTRA_COMPILER_FLAGS=-mcpu=cortex-a9 -mfpu=vfpv3 -mfloat-abi=hard -nostartfiles -g -Wall -Wextra"
"Compiling scuwdt"
"Running Make libs in ps7_cortexa9_0/libsrc/sdps_v3_4/src"
make -C ps7_cortexa9_0/libsrc/sdps_v3_4/src -s libs  "SHELL=CMD" "COMPILER=arm-none-eabi-gcc" "ARCHIVER=arm-none-eabi-ar" "COMPILER_FLAGS=  -O2 -c" "EXTRA_COMPILER_FLAGS=-mcpu=cortex-a9 -mfpu=vfpv3 -mfloat-abi=hard -nostartfiles -g -Wall -Wextra"
"Compiling sdps"
xsdps.c: In function 'XSdPs_FrameCmd':
xsdps.c:1272:11: warning: this statement may fall through [-Wimplicit-fallthrough=]
    RetVal |= RESP_R1 | (u32)XSDPS_DAT_PRESENT_SEL_MASK;
xsdps.c:1273:3: note: here
   case ACMD41:
   ^~~~
"Running Make libs in ps7_cortexa9_0/libsrc/standalone_v6_6/src"
make -C ps7_cortexa9_0/libsrc/standalone_v6_6/src -s libs  "SHELL=CMD" "COMPILER=arm-none-eabi-gcc" "ARCHIVER=arm-none-eabi-ar" "COMPILER_FLAGS=  -O2 -c" "EXTRA_COMPILER_FLAGS=-mcpu=cortex-a9 -mfpu=vfpv3 -mfloat-abi=hard -nostartfiles -g -Wall -Wextra"
"Compiling standalone"
In file included from sleep.c:57:0:
xtime_l.h:89:9: note: #pragma message: For the sleep routines, Global timer is being used
 #pragma message ("For the sleep routines, Global timer is being used")
         ^~~~~~~
In file included from usleep.c:60:0:
xtime_l.h:89:9: note: #pragma message: For the sleep routines, Global timer is being used
 #pragma message ("For the sleep routines, Global timer is being used")
         ^~~~~~~
In file included from xil_sleeptimer.c:54:0:
xtime_l.h:89:9: note: #pragma message: For the sleep routines, Global timer is being used
 #pragma message ("For the sleep routines, Global timer is being used")
         ^~~~~~~
In file included from xtime_l.c:53:0:
xtime_l.h:89:9: note: #pragma message: For the sleep routines, Global timer is being used
 #pragma message ("For the sleep routines, Global timer is being used")
         ^~~~~~~
"Running Make libs in ps7_cortexa9_0/libsrc/uartps_v3_6/src"
make -C ps7_cortexa9_0/libsrc/uartps_v3_6/src -s libs  "SHELL=CMD" "COMPILER=arm-none-eabi-gcc" "ARCHIVER=arm-none-eabi-ar" "COMPILER_FLAGS=  -O2 -c" "EXTRA_COMPILER_FLAGS=-mcpu=cortex-a9 -mfpu=vfpv3 -mfloat-abi=hard -nostartfiles -g -Wall -Wextra"
"Compiling uartps"
"Running Make libs in ps7_cortexa9_0/libsrc/usbps_v2_4/src"
make -C ps7_cortexa9_0/libsrc/usbps_v2_4/src -s libs  "SHELL=CMD" "COMPILER=arm-none-eabi-gcc" "ARCHIVER=arm-none-eabi-ar" "COMPILER_FLAGS=  -O2 -c" "EXTRA_COMPILER_FLAGS=-mcpu=cortex-a9 -mfpu=vfpv3 -mfloat-abi=hard -nostartfiles -g -Wall -Wextra"
"Compiling usbps"
"Running Make libs in ps7_cortexa9_0/libsrc/xadcps_v2_2/src"
make -C ps7_cortexa9_0/libsrc/xadcps_v2_2/src -s libs  "SHELL=CMD" "COMPILER=arm-none-eabi-gcc" "ARCHIVER=arm-none-eabi-ar" "COMPILER_FLAGS=  -O2 -c" "EXTRA_COMPILER_FLAGS=-mcpu=cortex-a9 -mfpu=vfpv3 -mfloat-abi=hard -nostartfiles -g -Wall -Wextra"
"Compiling xadcps"
'Finished building libraries'
00:11:14 **** Build of configuration Debug for project pwm_2 ****
make pre-build main-build 
a9-linaro-pre-build-step
' '
'Building file: ../src/helloworld.c'
'Invoking: ARM v7 gcc compiler'
arm-none-eabi-gcc -Wall -O0 -g3 -c -fmessage-length=0 -MT"src/helloworld.o" -mcpu=cortex-a9 -mfpu=vfpv3 -mfloat-abi=hard -I../../pwm_2_bsp/ps7_cortexa9_0/include -MMD -MP -MF"src/helloworld.d" -MT"src/helloworld.o" -o "src/helloworld.o" "../src/helloworld.c"
'Finished building: ../src/helloworld.c'
' '
'Building file: ../src/platform.c'
'Invoking: ARM v7 gcc compiler'
arm-none-eabi-gcc -Wall -O0 -g3 -c -fmessage-length=0 -MT"src/platform.o" -mcpu=cortex-a9 -mfpu=vfpv3 -mfloat-abi=hard -I../../pwm_2_bsp/ps7_cortexa9_0/include -MMD -MP -MF"src/platform.d" -MT"src/platform.o" -o "src/platform.o" "../src/platform.c"
'Finished building: ../src/platform.c'
' '
'Building target: pwm_2.elf'
'Invoking: ARM v7 gcc linker'
arm-none-eabi-gcc -mcpu=cortex-a9 -mfpu=vfpv3 -mfloat-abi=hard -Wl,-build-id=none -specs=Xilinx.spec -Wl,-T -Wl,../src/lscript.ld -L../../pwm_2_bsp/ps7_cortexa9_0/lib -o "pwm_2.elf"  ./src/helloworld.o ./src/platform.o   -Wl,--start-group,-lxil,-lgcc,-lc,--end-group
'Finished building target: pwm_2.elf'
' '
'Invoking: ARM v7 Print Size'
arm-none-eabi-size pwm_2.elf  |tee "pwm_2.elf.size"
   text	   data	    bss	    dec	    hex	filename
  19316	   1144	  22568	  43028	   a814	pwm_2.elf
'Finished building: pwm_2.elf.size'
' '
00:12:46 **** Auto Build of configuration Debug for project pwm_2 ****
make pre-build main-build 
a9-linaro-pre-build-step
' '
'Building file: ../src/helloworld.c'
'Invoking: ARM v7 gcc compiler'
arm-none-eabi-gcc -Wall -O0 -g3 -c -fmessage-length=0 -MT"src/helloworld.o" -mcpu=cortex-a9 -mfpu=vfpv3 -mfloat-abi=hard -I../../pwm_2_bsp/ps7_cortexa9_0/include -MMD -MP -MF"src/helloworld.d" -MT"src/helloworld.o" -o "src/helloworld.o" "../src/helloworld.c"
../src/helloworld.c: In function 'main':
../src/helloworld.c:67:2: warning: implicit declaration of function 'PWM_IP_mWriteReg'; did you mean 'PWM_2IP_mWriteReg'? [-Wimplicit-function-declaration]
  PWM_IP_mWriteReg(XPAR_PWM_IP_0_S00_AXI_BASEADDR,PWM_IP_S00_AXI_SLV_REG0_OFFSET,senal_enable);
  ^~~~~~~~~~~~~~~~
  PWM_2IP_mWriteReg
../src/helloworld.c:67:19: error: 'XPAR_PWM_IP_0_S00_AXI_BASEADDR' undeclared (first use in this function); did you mean 'XPAR_PWM_2IP_0_S00_AXI_BASEADDR'?
  PWM_IP_mWriteReg(XPAR_PWM_IP_0_S00_AXI_BASEADDR,PWM_IP_S00_AXI_SLV_REG0_OFFSET,senal_enable);
                   ^~~~~~~~~~~~~~~~~~~~~~~~~~~~~~
                   XPAR_PWM_2IP_0_S00_AXI_BASEADDR
../src/helloworld.c:67:19: note: each undeclared identifier is reported only once for each function it appears in
../src/helloworld.c:67:50: error: 'PWM_IP_S00_AXI_SLV_REG0_OFFSET' undeclared (first use in this function); did you mean 'PWM_2IP_S00_AXI_SLV_REG0_OFFSET'?
  PWM_IP_mWriteReg(XPAR_PWM_IP_0_S00_AXI_BASEADDR,PWM_IP_S00_AXI_SLV_REG0_OFFSET,senal_enable);
                                                  ^~~~~~~~~~~~~~~~~~~~~~~~~~~~~~
                                                  PWM_2IP_S00_AXI_SLV_REG0_OFFSET
../src/helloworld.c:69:50: error: 'PWM_IP_S00_AXI_SLV_REG1_OFFSET' undeclared (first use in this function); did you mean 'PWM_IP_S00_AXI_SLV_REG0_OFFSET'?
  PWM_IP_mWriteReg(XPAR_PWM_IP_0_S00_AXI_BASEADDR,PWM_IP_S00_AXI_SLV_REG1_OFFSET,freq);
                                                  ^~~~~~~~~~~~~~~~~~~~~~~~~~~~~~
                                                  PWM_IP_S00_AXI_SLV_REG0_OFFSET
../src/helloworld.c:71:50: error: 'PWM_IP_S00_AXI_SLV_REG2_OFFSET' undeclared (first use in this function); did you mean 'PWM_IP_S00_AXI_SLV_REG1_OFFSET'?
  PWM_IP_mWriteReg(XPAR_PWM_IP_0_S00_AXI_BASEADDR,PWM_IP_S00_AXI_SLV_REG2_OFFSET,duty);
                                                  ^~~~~~~~~~~~~~~~~~~~~~~~~~~~~~
                                                  PWM_IP_S00_AXI_SLV_REG1_OFFSET
../src/helloworld.c:78:42: warning: implicit declaration of function 'PWM_IP_mReadReg'; did you mean 'PWM_2IP_mReadReg'? [-Wimplicit-function-declaration]
      xil_printf("----Enable: %x----\n\r",PWM_IP_mReadReg(XPAR_PWM_IP_0_S00_AXI_BASEADDR,PWM_IP_S00_AXI_SLV_REG0_OFFSET));
                                          ^~~~~~~~~~~~~~~
                                          PWM_2IP_mReadReg
../src/helloworld.c:86:1: error: stray '\240' in program
     return 0;
 ^
../src/helloworld.c:86:2: error: stray '\240' in program
     return 0;
  ^
../src/helloworld.c:86:3: error: stray '\240' in program
     return 0;
   ^
../src/helloworld.c:86:4: error: stray '\240' in program
     return 0;
    ^
../src/helloworld.c:86:11: error: stray '\240' in program
     return 0;
           ^
make: *** [src/helloworld.o] Error 1
00:12:59 **** Auto Build of configuration Debug for project pwm_2 ****
make pre-build main-build 
a9-linaro-pre-build-step
' '
'Building file: ../src/helloworld.c'
'Invoking: ARM v7 gcc compiler'
arm-none-eabi-gcc -Wall -O0 -g3 -c -fmessage-length=0 -MT"src/helloworld.o" -mcpu=cortex-a9 -mfpu=vfpv3 -mfloat-abi=hard -I../../pwm_2_bsp/ps7_cortexa9_0/include -MMD -MP -MF"src/helloworld.d" -MT"src/helloworld.o" -o "src/helloworld.o" "../src/helloworld.c"
In file included from ../src/helloworld.c:53:0:
../src/helloworld.c: In function 'main':
../src/helloworld.c:67:20: error: 'XPAR_PWM_IP_0_S00_AXI_BASEADDR' undeclared (first use in this function); did you mean 'XPAR_PWM_2IP_0_S00_AXI_BASEADDR'?
  PWM_2IP_mWriteReg(XPAR_PWM_IP_0_S00_AXI_BASEADDR,PWM_IP_S00_AXI_SLV_REG0_OFFSET,senal_enable);
                    ^
../../pwm_2_bsp/ps7_cortexa9_0/include/pwm_2ip.h:35:15: note: in definition of macro 'PWM_2IP_mWriteReg'
    Xil_Out32((BaseAddress) + (RegOffset), (u32)(Data))
               ^~~~~~~~~~~
../src/helloworld.c:67:20: note: each undeclared identifier is reported only once for each function it appears in
  PWM_2IP_mWriteReg(XPAR_PWM_IP_0_S00_AXI_BASEADDR,PWM_IP_S00_AXI_SLV_REG0_OFFSET,senal_enable);
                    ^
../../pwm_2_bsp/ps7_cortexa9_0/include/pwm_2ip.h:35:15: note: in definition of macro 'PWM_2IP_mWriteReg'
    Xil_Out32((BaseAddress) + (RegOffset), (u32)(Data))
               ^~~~~~~~~~~
../src/helloworld.c:67:51: error: 'PWM_IP_S00_AXI_SLV_REG0_OFFSET' undeclared (first use in this function); did you mean 'PWM_2IP_S00_AXI_SLV_REG0_OFFSET'?
  PWM_2IP_mWriteReg(XPAR_PWM_IP_0_S00_AXI_BASEADDR,PWM_IP_S00_AXI_SLV_REG0_OFFSET,senal_enable);
                                                   ^
../../pwm_2_bsp/ps7_cortexa9_0/include/pwm_2ip.h:35:31: note: in definition of macro 'PWM_2IP_mWriteReg'
    Xil_Out32((BaseAddress) + (RegOffset), (u32)(Data))
                               ^~~~~~~~~
../src/helloworld.c:69:51: error: 'PWM_IP_S00_AXI_SLV_REG1_OFFSET' undeclared (first use in this function); did you mean 'PWM_IP_S00_AXI_SLV_REG0_OFFSET'?
  PWM_2IP_mWriteReg(XPAR_PWM_IP_0_S00_AXI_BASEADDR,PWM_IP_S00_AXI_SLV_REG1_OFFSET,freq);
                                                   ^
../../pwm_2_bsp/ps7_cortexa9_0/include/pwm_2ip.h:35:31: note: in definition of macro 'PWM_2IP_mWriteReg'
    Xil_Out32((BaseAddress) + (RegOffset), (u32)(Data))
                               ^~~~~~~~~
../src/helloworld.c:71:51: error: 'PWM_IP_S00_AXI_SLV_REG2_OFFSET' undeclared (first use in this function); did you mean 'PWM_IP_S00_AXI_SLV_REG1_OFFSET'?
  PWM_2IP_mWriteReg(XPAR_PWM_IP_0_S00_AXI_BASEADDR,PWM_IP_S00_AXI_SLV_REG2_OFFSET,duty);
                                                   ^
../../pwm_2_bsp/ps7_cortexa9_0/include/pwm_2ip.h:35:31: note: in definition of macro 'PWM_2IP_mWriteReg'
    Xil_Out32((BaseAddress) + (RegOffset), (u32)(Data))
                               ^~~~~~~~~
../src/helloworld.c:78:42: warning: implicit declaration of function 'PWM_IP_mReadReg'; did you mean 'PWM_2IP_mReadReg'? [-Wimplicit-function-declaration]
      xil_printf("----Enable: %x----\n\r",PWM_IP_mReadReg(XPAR_PWM_IP_0_S00_AXI_BASEADDR,PWM_IP_S00_AXI_SLV_REG0_OFFSET));
                                          ^~~~~~~~~~~~~~~
                                          PWM_2IP_mReadReg
../src/helloworld.c:86:1: error: stray '\240' in program
     return 0;
 ^
../src/helloworld.c:86:2: error: stray '\240' in program
     return 0;
  ^
../src/helloworld.c:86:3: error: stray '\240' in program
     return 0;
   ^
../src/helloworld.c:86:4: error: stray '\240' in program
     return 0;
    ^
../src/helloworld.c:86:11: error: stray '\240' in program
     return 0;
           ^
make: *** [src/helloworld.o] Error 1
00:13:20 **** Auto Build of configuration Debug for project pwm_2 ****
make pre-build main-build 
a9-linaro-pre-build-step
' '
'Building file: ../src/helloworld.c'
'Invoking: ARM v7 gcc compiler'
arm-none-eabi-gcc -Wall -O0 -g3 -c -fmessage-length=0 -MT"src/helloworld.o" -mcpu=cortex-a9 -mfpu=vfpv3 -mfloat-abi=hard -I../../pwm_2_bsp/ps7_cortexa9_0/include -MMD -MP -MF"src/helloworld.d" -MT"src/helloworld.o" -o "src/helloworld.o" "../src/helloworld.c"
In file included from ../src/helloworld.c:53:0:
../src/helloworld.c: In function 'main':
../src/helloworld.c:67:23: error: 'XPAR_PWM_IP_0_S00_AXI_BASEADDR' undeclared (first use in this function); did you mean 'XPAR_PWM_2IP_0_S00_AXI_BASEADDR'?
     PWM_2IP_mWriteReg(XPAR_PWM_IP_0_S00_AXI_BASEADDR,PWM_IP_S00_AXI_SLV_REG0_OFFSET,senal_enable);
                       ^
../../pwm_2_bsp/ps7_cortexa9_0/include/pwm_2ip.h:35:15: note: in definition of macro 'PWM_2IP_mWriteReg'
    Xil_Out32((BaseAddress) + (RegOffset), (u32)(Data))
               ^~~~~~~~~~~
../src/helloworld.c:67:23: note: each undeclared identifier is reported only once for each function it appears in
     PWM_2IP_mWriteReg(XPAR_PWM_IP_0_S00_AXI_BASEADDR,PWM_IP_S00_AXI_SLV_REG0_OFFSET,senal_enable);
                       ^
../../pwm_2_bsp/ps7_cortexa9_0/include/pwm_2ip.h:35:15: note: in definition of macro 'PWM_2IP_mWriteReg'
    Xil_Out32((BaseAddress) + (RegOffset), (u32)(Data))
               ^~~~~~~~~~~
../src/helloworld.c:67:54: error: 'PWM_IP_S00_AXI_SLV_REG0_OFFSET' undeclared (first use in this function); did you mean 'PWM_2IP_S00_AXI_SLV_REG0_OFFSET'?
     PWM_2IP_mWriteReg(XPAR_PWM_IP_0_S00_AXI_BASEADDR,PWM_IP_S00_AXI_SLV_REG0_OFFSET,senal_enable);
                                                      ^
../../pwm_2_bsp/ps7_cortexa9_0/include/pwm_2ip.h:35:31: note: in definition of macro 'PWM_2IP_mWriteReg'
    Xil_Out32((BaseAddress) + (RegOffset), (u32)(Data))
                               ^~~~~~~~~
../src/helloworld.c:69:54: error: 'PWM_IP_S00_AXI_SLV_REG1_OFFSET' undeclared (first use in this function); did you mean 'PWM_IP_S00_AXI_SLV_REG0_OFFSET'?
     PWM_2IP_mWriteReg(XPAR_PWM_IP_0_S00_AXI_BASEADDR,PWM_IP_S00_AXI_SLV_REG1_OFFSET,freq);
                                                      ^
../../pwm_2_bsp/ps7_cortexa9_0/include/pwm_2ip.h:35:31: note: in definition of macro 'PWM_2IP_mWriteReg'
    Xil_Out32((BaseAddress) + (RegOffset), (u32)(Data))
                               ^~~~~~~~~
../src/helloworld.c:71:54: error: 'PWM_IP_S00_AXI_SLV_REG2_OFFSET' undeclared (first use in this function); did you mean 'PWM_IP_S00_AXI_SLV_REG1_OFFSET'?
     PWM_2IP_mWriteReg(XPAR_PWM_IP_0_S00_AXI_BASEADDR,PWM_IP_S00_AXI_SLV_REG2_OFFSET,duty);
                                                      ^
../../pwm_2_bsp/ps7_cortexa9_0/include/pwm_2ip.h:35:31: note: in definition of macro 'PWM_2IP_mWriteReg'
    Xil_Out32((BaseAddress) + (RegOffset), (u32)(Data))
                               ^~~~~~~~~
../src/helloworld.c:78:42: warning: implicit declaration of function 'PWM_IP_mReadReg'; did you mean 'PWM_2IP_mReadReg'? [-Wimplicit-function-declaration]
      xil_printf("----Enable: %x----\n\r",PWM_IP_mReadReg(XPAR_PWM_IP_0_S00_AXI_BASEADDR,PWM_IP_S00_AXI_SLV_REG0_OFFSET));
                                          ^~~~~~~~~~~~~~~
                                          PWM_2IP_mReadReg
../src/helloworld.c:86:1: error: stray '\240' in program
     return 0;
 ^
../src/helloworld.c:86:2: error: stray '\240' in program
     return 0;
  ^
../src/helloworld.c:86:3: error: stray '\240' in program
     return 0;
   ^
../src/helloworld.c:86:4: error: stray '\240' in program
     return 0;
    ^
../src/helloworld.c:86:11: error: stray '\240' in program
     return 0;
           ^
make: *** [src/helloworld.o] Error 1
00:13:32 **** Auto Build of configuration Debug for project pwm_2 ****
make pre-build main-build 
a9-linaro-pre-build-step
' '
'Building file: ../src/helloworld.c'
'Invoking: ARM v7 gcc compiler'
arm-none-eabi-gcc -Wall -O0 -g3 -c -fmessage-length=0 -MT"src/helloworld.o" -mcpu=cortex-a9 -mfpu=vfpv3 -mfloat-abi=hard -I../../pwm_2_bsp/ps7_cortexa9_0/include -MMD -MP -MF"src/helloworld.d" -MT"src/helloworld.o" -o "src/helloworld.o" "../src/helloworld.c"
In file included from ../src/helloworld.c:53:0:
../src/helloworld.c: In function 'main':
../src/helloworld.c:67:23: error: 'XPAR_PWM_IP_0_S00_AXI_BASEADDR' undeclared (first use in this function); did you mean 'XPAR_PWM_2IP_0_S00_AXI_BASEADDR'?
     PWM_2IP_mWriteReg(XPAR_PWM_IP_0_S00_AXI_BASEADDR,PWM_2IP_S00_AXI_SLV_REG0_OFFSET,senal_enable);
                       ^
../../pwm_2_bsp/ps7_cortexa9_0/include/pwm_2ip.h:35:15: note: in definition of macro 'PWM_2IP_mWriteReg'
    Xil_Out32((BaseAddress) + (RegOffset), (u32)(Data))
               ^~~~~~~~~~~
../src/helloworld.c:67:23: note: each undeclared identifier is reported only once for each function it appears in
     PWM_2IP_mWriteReg(XPAR_PWM_IP_0_S00_AXI_BASEADDR,PWM_2IP_S00_AXI_SLV_REG0_OFFSET,senal_enable);
                       ^
../../pwm_2_bsp/ps7_cortexa9_0/include/pwm_2ip.h:35:15: note: in definition of macro 'PWM_2IP_mWriteReg'
    Xil_Out32((BaseAddress) + (RegOffset), (u32)(Data))
               ^~~~~~~~~~~
../src/helloworld.c:78:42: warning: implicit declaration of function 'PWM_IP_mReadReg'; did you mean 'PWM_2IP_mReadReg'? [-Wimplicit-function-declaration]
      xil_printf("----Enable: %x----\n\r",PWM_IP_mReadReg(XPAR_PWM_IP_0_S00_AXI_BASEADDR,PWM_IP_S00_AXI_SLV_REG0_OFFSET));
                                          ^~~~~~~~~~~~~~~
                                          PWM_2IP_mReadReg
../src/helloworld.c:78:89: error: 'PWM_IP_S00_AXI_SLV_REG0_OFFSET' undeclared (first use in this function); did you mean 'PWM_2IP_S00_AXI_SLV_REG0_OFFSET'?
      xil_printf("----Enable: %x----\n\r",PWM_IP_mReadReg(XPAR_PWM_IP_0_S00_AXI_BASEADDR,PWM_IP_S00_AXI_SLV_REG0_OFFSET));
                                                                                         ^~~~~~~~~~~~~~~~~~~~~~~~~~~~~~
                                                                                         PWM_2IP_S00_AXI_SLV_REG0_OFFSET
../src/helloworld.c:79:93: error: 'PWM_IP_S00_AXI_SLV_REG1_OFFSET' undeclared (first use in this function); did you mean 'PWM_IP_S00_AXI_SLV_REG0_OFFSET'?
      xil_printf("----Frecuencia: %x----\n\r",PWM_IP_mReadReg(XPAR_PWM_IP_0_S00_AXI_BASEADDR,PWM_IP_S00_AXI_SLV_REG1_OFFSET));
                                                                                             ^~~~~~~~~~~~~~~~~~~~~~~~~~~~~~
                                                                                             PWM_IP_S00_AXI_SLV_REG0_OFFSET
../src/helloworld.c:80:87: error: 'PWM_IP_S00_AXI_SLV_REG2_OFFSET' undeclared (first use in this function); did you mean 'PWM_IP_S00_AXI_SLV_REG1_OFFSET'?
      xil_printf("----Duty: %x----\n\r",PWM_IP_mReadReg(XPAR_PWM_IP_0_S00_AXI_BASEADDR,PWM_IP_S00_AXI_SLV_REG2_OFFSET));
                                                                                       ^~~~~~~~~~~~~~~~~~~~~~~~~~~~~~
                                                                                       PWM_IP_S00_AXI_SLV_REG1_OFFSET
../src/helloworld.c:86:1: error: stray '\240' in program
     return 0;
 ^
../src/helloworld.c:86:2: error: stray '\240' in program
     return 0;
  ^
../src/helloworld.c:86:3: error: stray '\240' in program
     return 0;
   ^
../src/helloworld.c:86:4: error: stray '\240' in program
     return 0;
    ^
../src/helloworld.c:86:11: error: stray '\240' in program
     return 0;
           ^
make: *** [src/helloworld.o] Error 1
00:13:49 **** Auto Build of configuration Debug for project pwm_2 ****
make pre-build main-build 
a9-linaro-pre-build-step
' '
'Building file: ../src/helloworld.c'
'Invoking: ARM v7 gcc compiler'
arm-none-eabi-gcc -Wall -O0 -g3 -c -fmessage-length=0 -MT"src/helloworld.o" -mcpu=cortex-a9 -mfpu=vfpv3 -mfloat-abi=hard -I../../pwm_2_bsp/ps7_cortexa9_0/include -MMD -MP -MF"src/helloworld.d" -MT"src/helloworld.o" -o "src/helloworld.o" "../src/helloworld.c"
../src/helloworld.c: In function 'main':
../src/helloworld.c:78:42: warning: implicit declaration of function 'PWM_IP_mReadReg'; did you mean 'PWM_2IP_mReadReg'? [-Wimplicit-function-declaration]
      xil_printf("----Enable: %x----\n\r",PWM_IP_mReadReg(XPAR_PWM_IP_0_S00_AXI_BASEADDR,PWM_IP_S00_AXI_SLV_REG0_OFFSET));
                                          ^~~~~~~~~~~~~~~
                                          PWM_2IP_mReadReg
../src/helloworld.c:78:58: error: 'XPAR_PWM_IP_0_S00_AXI_BASEADDR' undeclared (first use in this function); did you mean 'XPAR_PWM_2IP_0_S00_AXI_BASEADDR'?
      xil_printf("----Enable: %x----\n\r",PWM_IP_mReadReg(XPAR_PWM_IP_0_S00_AXI_BASEADDR,PWM_IP_S00_AXI_SLV_REG0_OFFSET));
                                                          ^~~~~~~~~~~~~~~~~~~~~~~~~~~~~~
                                                          XPAR_PWM_2IP_0_S00_AXI_BASEADDR
../src/helloworld.c:78:58: note: each undeclared identifier is reported only once for each function it appears in
../src/helloworld.c:78:89: error: 'PWM_IP_S00_AXI_SLV_REG0_OFFSET' undeclared (first use in this function); did you mean 'PWM_2IP_S00_AXI_SLV_REG0_OFFSET'?
      xil_printf("----Enable: %x----\n\r",PWM_IP_mReadReg(XPAR_PWM_IP_0_S00_AXI_BASEADDR,PWM_IP_S00_AXI_SLV_REG0_OFFSET));
                                                                                         ^~~~~~~~~~~~~~~~~~~~~~~~~~~~~~
                                                                                         PWM_2IP_S00_AXI_SLV_REG0_OFFSET
../src/helloworld.c:79:93: error: 'PWM_IP_S00_AXI_SLV_REG1_OFFSET' undeclared (first use in this function); did you mean 'PWM_IP_S00_AXI_SLV_REG0_OFFSET'?
      xil_printf("----Frecuencia: %x----\n\r",PWM_IP_mReadReg(XPAR_PWM_IP_0_S00_AXI_BASEADDR,PWM_IP_S00_AXI_SLV_REG1_OFFSET));
                                                                                             ^~~~~~~~~~~~~~~~~~~~~~~~~~~~~~
                                                                                             PWM_IP_S00_AXI_SLV_REG0_OFFSET
../src/helloworld.c:80:87: error: 'PWM_IP_S00_AXI_SLV_REG2_OFFSET' undeclared (first use in this function); did you mean 'PWM_IP_S00_AXI_SLV_REG1_OFFSET'?
      xil_printf("----Duty: %x----\n\r",PWM_IP_mReadReg(XPAR_PWM_IP_0_S00_AXI_BASEADDR,PWM_IP_S00_AXI_SLV_REG2_OFFSET));
                                                                                       ^~~~~~~~~~~~~~~~~~~~~~~~~~~~~~
                                                                                       PWM_IP_S00_AXI_SLV_REG1_OFFSET
../src/helloworld.c:86:1: error: stray '\240' in program
     return 0;
 ^
../src/helloworld.c:86:2: error: stray '\240' in program
     return 0;
  ^
../src/helloworld.c:86:3: error: stray '\240' in program
     return 0;
   ^
../src/helloworld.c:86:4: error: stray '\240' in program
     return 0;
    ^
../src/helloworld.c:86:11: error: stray '\240' in program
     return 0;
           ^
make: *** [src/helloworld.o] Error 1
00:14:15 **** Auto Build of configuration Debug for project pwm_2 ****
make pre-build main-build 
a9-linaro-pre-build-step
' '
'Building file: ../src/helloworld.c'
'Invoking: ARM v7 gcc compiler'
arm-none-eabi-gcc -Wall -O0 -g3 -c -fmessage-length=0 -MT"src/helloworld.o" -mcpu=cortex-a9 -mfpu=vfpv3 -mfloat-abi=hard -I../../pwm_2_bsp/ps7_cortexa9_0/include -MMD -MP -MF"src/helloworld.d" -MT"src/helloworld.o" -o "src/helloworld.o" "../src/helloworld.c"
../src/helloworld.c: In function 'main':
../src/helloworld.c:78:42: warning: implicit declaration of function 'PWM_IP_mReadReg'; did you mean 'PWM_2IP_mReadReg'? [-Wimplicit-function-declaration]
      xil_printf("----Enable: %x----\n\r",PWM_IP_mReadReg(XPAR_PWM_2IP_0_S00_AXI_BASEADDR,PWM_2IP_S00_AXI_SLV_REG0_OFFSET));
                                          ^~~~~~~~~~~~~~~
                                          PWM_2IP_mReadReg
../src/helloworld.c:86:1: error: stray '\240' in program
     return 0;
 ^
../src/helloworld.c:86:2: error: stray '\240' in program
     return 0;
  ^
../src/helloworld.c:86:3: error: stray '\240' in program
     return 0;
   ^
../src/helloworld.c:86:4: error: stray '\240' in program
     return 0;
    ^
../src/helloworld.c:86:11: error: stray '\240' in program
     return 0;
           ^
make: *** [src/helloworld.o] Error 1
00:14:48 **** Auto Build of configuration Debug for project pwm_2 ****
make pre-build main-build 
a9-linaro-pre-build-step
' '
'Building file: ../src/helloworld.c'
'Invoking: ARM v7 gcc compiler'
arm-none-eabi-gcc -Wall -O0 -g3 -c -fmessage-length=0 -MT"src/helloworld.o" -mcpu=cortex-a9 -mfpu=vfpv3 -mfloat-abi=hard -I../../pwm_2_bsp/ps7_cortexa9_0/include -MMD -MP -MF"src/helloworld.d" -MT"src/helloworld.o" -o "src/helloworld.o" "../src/helloworld.c"
../src/helloworld.c: In function 'main':
../src/helloworld.c:79:46: warning: implicit declaration of function 'PWM_IP_mReadReg'; did you mean 'PWM_2IP_mReadReg'? [-Wimplicit-function-declaration]
      xil_printf("----Frecuencia: %x----\n\r",PWM_IP_mReadReg(XPAR_PWM_2IP_0_S00_AXI_BASEADDR,PWM_2IP_S00_AXI_SLV_REG1_OFFSET));
                                              ^~~~~~~~~~~~~~~
                                              PWM_2IP_mReadReg
../src/helloworld.c:86:1: error: stray '\240' in program
     return 0;
 ^
../src/helloworld.c:86:2: error: stray '\240' in program
     return 0;
  ^
../src/helloworld.c:86:3: error: stray '\240' in program
     return 0;
   ^
../src/helloworld.c:86:4: error: stray '\240' in program
     return 0;
    ^
../src/helloworld.c:86:11: error: stray '\240' in program
     return 0;
           ^
make: *** [src/helloworld.o] Error 1
00:14:56 **** Auto Build of configuration Debug for project pwm_2 ****
make pre-build main-build 
a9-linaro-pre-build-step
' '
'Building file: ../src/helloworld.c'
'Invoking: ARM v7 gcc compiler'
arm-none-eabi-gcc -Wall -O0 -g3 -c -fmessage-length=0 -MT"src/helloworld.o" -mcpu=cortex-a9 -mfpu=vfpv3 -mfloat-abi=hard -I../../pwm_2_bsp/ps7_cortexa9_0/include -MMD -MP -MF"src/helloworld.d" -MT"src/helloworld.o" -o "src/helloworld.o" "../src/helloworld.c"
../src/helloworld.c: In function 'main':
../src/helloworld.c:86:1: error: stray '\240' in program
     return 0;
 ^
../src/helloworld.c:86:2: error: stray '\240' in program
     return 0;
  ^
../src/helloworld.c:86:3: error: stray '\240' in program
     return 0;
   ^
../src/helloworld.c:86:4: error: stray '\240' in program
     return 0;
    ^
../src/helloworld.c:86:11: error: stray '\240' in program
     return 0;
           ^
make: *** [src/helloworld.o] Error 1
00:15:11 **** Auto Build of configuration Debug for project pwm_2 ****
make pre-build main-build 
a9-linaro-pre-build-step
' '
'Building file: ../src/helloworld.c'
'Invoking: ARM v7 gcc compiler'
arm-none-eabi-gcc -Wall -O0 -g3 -c -fmessage-length=0 -MT"src/helloworld.o" -mcpu=cortex-a9 -mfpu=vfpv3 -mfloat-abi=hard -I../../pwm_2_bsp/ps7_cortexa9_0/include -MMD -MP -MF"src/helloworld.d" -MT"src/helloworld.o" -o "src/helloworld.o" "../src/helloworld.c"
'Finished building: ../src/helloworld.c'
' '
'Building target: pwm_2.elf'
'Invoking: ARM v7 gcc linker'
arm-none-eabi-gcc -mcpu=cortex-a9 -mfpu=vfpv3 -mfloat-abi=hard -Wl,-build-id=none -specs=Xilinx.spec -Wl,-T -Wl,../src/lscript.ld -L../../pwm_2_bsp/ps7_cortexa9_0/lib -o "pwm_2.elf"  ./src/helloworld.o ./src/platform.o   -Wl,--start-group,-lxil,-lgcc,-lc,--end-group
'Finished building target: pwm_2.elf'
' '
'Invoking: ARM v7 Print Size'
arm-none-eabi-size pwm_2.elf  |tee "pwm_2.elf.size"
   text	   data	    bss	    dec	    hex	filename
  22492	   1144	  22568	  46204	   b47c	pwm_2.elf
'Finished building: pwm_2.elf.size'
' '
00:18:45 **** Incremental Build of configuration Debug for project pwm_2 ****
make pre-build main-build 
a9-linaro-pre-build-step
' '
make: No se hace nada para `main-build'.
00:21:25 **** Auto Build of configuration Debug for project pwm_2 ****
make pre-build main-build 
a9-linaro-pre-build-step
' '
'Building file: ../src/helloworld.c'
'Invoking: ARM v7 gcc compiler'
arm-none-eabi-gcc -Wall -O0 -g3 -c -fmessage-length=0 -MT"src/helloworld.o" -mcpu=cortex-a9 -mfpu=vfpv3 -mfloat-abi=hard -I../../pwm_2_bsp/ps7_cortexa9_0/include -MMD -MP -MF"src/helloworld.d" -MT"src/helloworld.o" -o "src/helloworld.o" "../src/helloworld.c"
'Finished building: ../src/helloworld.c'
' '
'Building target: pwm_2.elf'
'Invoking: ARM v7 gcc linker'
arm-none-eabi-gcc -mcpu=cortex-a9 -mfpu=vfpv3 -mfloat-abi=hard -Wl,-build-id=none -specs=Xilinx.spec -Wl,-T -Wl,../src/lscript.ld -L../../pwm_2_bsp/ps7_cortexa9_0/lib -o "pwm_2.elf"  ./src/helloworld.o ./src/platform.o   -Wl,--start-group,-lxil,-lgcc,-lc,--end-group
'Finished building target: pwm_2.elf'
' '
'Invoking: ARM v7 Print Size'
arm-none-eabi-size pwm_2.elf  |tee "pwm_2.elf.size"
   text	   data	    bss	    dec	    hex	filename
  22492	   1144	  22568	  46204	   b47c	pwm_2.elf
'Finished building: pwm_2.elf.size'
' '
00:21:32 **** Incremental Build of configuration Debug for project pwm_2 ****
make pre-build main-build 
a9-linaro-pre-build-step
' '
make: No se hace nada para `main-build'.
